// Jest Snapshot v1, https://goo.gl/fbAQLP

exports[`Overlay renders correctly 1`] = `
<div
  class="absolute left-10 top-10 "
>
  <h1
    class="bg-gradient-to-r from-orange-400 via-pink-500 to-pink-700 bg-clip-text text-4xl font-extrabold uppercase text-transparent"
  >
    Michal
    <br />
     Nowotnik
  </h1>
  <h2
    class="text-md uppercase text-white"
  >
    Front-End Developer
  </h2>
</div>
`;
